#-----------------------------------------------------------
# Vivado v2022.1 (64-bit)
# SW Build 3526262 on Mon Apr 18 15:48:16 MDT 2022
# IP Build 3524634 on Mon Apr 18 20:55:01 MDT 2022
# Start of session at: Wed Oct 15 15:55:14 2025
# Process ID: 5364
# Current directory: C:/Tukorea/FPGA_project/week5
# Command line: vivado.exe -gui_launcher_event rodinguilauncherevent8964 C:\Tukorea\FPGA_project\week5\week5.xpr
# Log file: C:/Tukorea/FPGA_project/week5/vivado.log
# Journal file: C:/Tukorea/FPGA_project/week5\vivado.jou
# Running On: BOOK-PI4T4K8H7V, OS: Windows, CPU Frequency: 3302 MHz, CPU Physical cores: 8, Host memory: 33834 MB
#-----------------------------------------------------------
start_gui
open_project C:/Tukorea/FPGA_project/week5/week5.xpr
update_compile_order -fileset sources_1
open_run synth_1 -name synth_1
open_hw_manager
connect_hw_server -allow_non_jtag
open_hw_target
current_hw_device [get_hw_devices xc7a50t_0]
refresh_hw_device -update_hw_probes false [lindex [get_hw_devices xc7a50t_0] 0]
set_property PROBES.FILE {} [get_hw_devices xc7a50t_0]
set_property FULL_PROBES.FILE {} [get_hw_devices xc7a50t_0]
set_property PROGRAM.FILE {C:/Tukorea/FPGA_project/week5/week5.runs/impl_1/week5.bit} [get_hw_devices xc7a50t_0]
program_hw_devices [get_hw_devices xc7a50t_0]
set_property PROBES.FILE {} [get_hw_devices xc7a50t_0]
set_property FULL_PROBES.FILE {} [get_hw_devices xc7a50t_0]
set_property PROGRAM.FILE {C:/Tukorea/FPGA_project/week5/week5.runs/impl_1/week5.bit} [get_hw_devices xc7a50t_0]
program_hw_devices [get_hw_devices xc7a50t_0]
copy_run -name synth_1_copy_2 [get_runs synth_1] 
set_property part xc7a50tcsg324-1 [current_project]
close_design
open_run synth_1 -name synth_1
set_property PROBES.FILE {} [get_hw_devices xc7a50t_0]
set_property FULL_PROBES.FILE {} [get_hw_devices xc7a50t_0]
set_property PROGRAM.FILE {C:/Tukorea/FPGA_project/week5/week5.runs/impl_1/week5.bit} [get_hw_devices xc7a50t_0]
program_hw_devices [get_hw_devices xc7a50t_0]
reset_run synth_1
launch_runs impl_1 -to_step write_bitstream -jobs 4
wait_on_run impl_1
set_property PROBES.FILE {} [get_hw_devices xc7a50t_0]
set_property FULL_PROBES.FILE {} [get_hw_devices xc7a50t_0]
set_property PROGRAM.FILE {C:/Tukorea/FPGA_project/week5/week5.runs/impl_1/week5.bit} [get_hw_devices xc7a50t_0]
program_hw_devices [get_hw_devices xc7a50t_0]
refresh_hw_device [lindex [get_hw_devices xc7a50t_0] 0]
reset_run synth_1
launch_runs impl_1 -to_step write_bitstream -jobs 4
wait_on_run impl_1
set_property PROBES.FILE {} [get_hw_devices xc7a50t_0]
set_property FULL_PROBES.FILE {} [get_hw_devices xc7a50t_0]
set_property PROGRAM.FILE {C:/Tukorea/FPGA_project/week5/week5.runs/impl_1/week5.bit} [get_hw_devices xc7a50t_0]
program_hw_devices [get_hw_devices xc7a50t_0]
refresh_hw_device [lindex [get_hw_devices xc7a50t_0] 0]
reset_run synth_1
launch_runs synth_1 -jobs 4
wait_on_run synth_1
close_design
open_run synth_1 -name synth_1
