Copyright 1986-2022 Xilinx, Inc. All Rights Reserved.
------------------------------------------------------------------------------------------
| Tool Version : Vivado v.2022.1 (win64) Build 3526262 Mon Apr 18 15:48:16 MDT 2022
| Date         : Wed Dec  3 15:50:24 2025
| Host         : BOOK-PI4T4K8H7V running 64-bit major release  (build 9200)
| Command      : report_control_sets -verbose -file top_stopwatch_control_sets_placed.rpt
| Design       : top_stopwatch
| Device       : xc7a100t
------------------------------------------------------------------------------------------

Control Set Information

Table of Contents
-----------------
1. Summary
2. Histogram
3. Flip-Flop Distribution
4. Detailed Control Set Information

1. Summary
----------

+----------------------------------------------------------+-------+
|                          Status                          | Count |
+----------------------------------------------------------+-------+
| Total control sets                                       |    11 |
|    Minimum number of control sets                        |    11 |
|    Addition due to synthesis replication                 |     0 |
|    Addition due to physical synthesis replication        |     0 |
| Unused register locations in slices containing registers |    41 |
+----------------------------------------------------------+-------+
* Control sets can be merged at opt_design using control_set_merge or merge_equivalent_drivers
** Run report_qor_suggestions for automated merging and remapping suggestions


2. Histogram
------------

+--------------------+-------+
|       Fanout       | Count |
+--------------------+-------+
| Total control sets |    11 |
| >= 0 to < 4        |     0 |
| >= 4 to < 6        |     5 |
| >= 6 to < 8        |     0 |
| >= 8 to < 10       |     0 |
| >= 10 to < 12      |     0 |
| >= 12 to < 14      |     0 |
| >= 14 to < 16      |     0 |
| >= 16              |     6 |
+--------------------+-------+
* Control sets can be remapped at either synth_design or opt_design


3. Flip-Flop Distribution
-------------------------

+--------------+-----------------------+------------------------+-----------------+--------------+
| Clock Enable | Synchronous Set/Reset | Asynchronous Set/Reset | Total Registers | Total Slices |
+--------------+-----------------------+------------------------+-----------------+--------------+
| No           | No                    | No                     |               0 |            0 |
| No           | No                    | Yes                    |              58 |           20 |
| No           | Yes                   | No                     |               0 |            0 |
| Yes          | No                    | No                     |               0 |            0 |
| Yes          | No                    | Yes                    |             141 |           41 |
| Yes          | Yes                   | No                     |               0 |            0 |
+--------------+-----------------------+------------------------+-----------------+--------------+


4. Detailed Control Set Information
-----------------------------------

+------------------+-------------------------------------+----------------------+------------------+----------------+--------------+
|   Clock Signal   |            Enable Signal            |   Set/Reset Signal   | Slice Load Count | Bel Load Count | Bels / Slice |
+------------------+-------------------------------------+----------------------+------------------+----------------+--------------+
|  i_clk_IBUF_BUFG | u_stopwatch_counter/o_d2[3]_i_1_n_0 | u_led_runner/i_rst_n |                2 |              4 |         2.00 |
|  i_clk_IBUF_BUFG | u_stopwatch_counter/o_d1[3]_i_1_n_0 | u_led_runner/i_rst_n |                1 |              4 |         4.00 |
|  i_clk_IBUF_BUFG | u_stopwatch_counter/o_d3[3]_i_1_n_0 | u_led_runner/i_rst_n |                2 |              4 |         2.00 |
|  i_clk_IBUF_BUFG | u_btnd/r_btn_deb_prev_reg_0[0]      | u_led_runner/i_rst_n |                2 |              4 |         2.00 |
|  i_clk_IBUF_BUFG | u_led_runner/r_head[4]_i_1_n_0      | u_led_runner/i_rst_n |                2 |              5 |         2.50 |
|  i_clk_IBUF_BUFG | u_btnl/r_deb_cnt[19]_i_1__1_n_0     | u_led_runner/i_rst_n |                5 |             20 |         4.00 |
|  i_clk_IBUF_BUFG | u_btnr/r_deb_cnt[19]_i_1__2_n_0     | u_led_runner/i_rst_n |                4 |             20 |         5.00 |
|  i_clk_IBUF_BUFG | u_btnc/r_deb_cnt[19]_i_1_n_0        | u_led_runner/i_rst_n |                4 |             20 |         5.00 |
|  i_clk_IBUF_BUFG | u_btnd/r_deb_cnt[19]_i_1__0_n_0     | u_led_runner/i_rst_n |                4 |             20 |         5.00 |
|  i_clk_IBUF_BUFG | u_btnd/E[0]                         | u_led_runner/i_rst_n |               15 |             40 |         2.67 |
|  i_clk_IBUF_BUFG |                                     | u_led_runner/i_rst_n |               20 |             58 |         2.90 |
+------------------+-------------------------------------+----------------------+------------------+----------------+--------------+


