#-----------------------------------------------------------
# Vivado v2022.1 (64-bit)
# SW Build 3526262 on Mon Apr 18 15:48:16 MDT 2022
# IP Build 3524634 on Mon Apr 18 20:55:01 MDT 2022
# Start of session at: Wed Nov 26 15:51:45 2025
# Process ID: 23804
# Current directory: C:/Users/mmdd3/Downloads/week12/week12
# Command line: vivado.exe -gui_launcher_event rodinguilauncherevent9860 C:\Users\mmdd3\Downloads\week12\week12\week12.xpr
# Log file: C:/Users/mmdd3/Downloads/week12/week12/vivado.log
# Journal file: C:/Users/mmdd3/Downloads/week12/week12\vivado.jou
# Running On: BOOK-PI4T4K8H7V, OS: Windows, CPU Frequency: 3302 MHz, CPU Physical cores: 8, Host memory: 33834 MB
#-----------------------------------------------------------
start_gui
open_project C:/Users/mmdd3/Downloads/week12/week12/week12.xpr
update_compile_order -fileset sources_1
copy_run -name impl_1_copy_1 [get_runs impl_1] -parent_run synth_1
set_property part xc7a100tcsg324-1 [current_project]
reset_run synth_1
launch_runs impl_1 -to_step write_bitstream -jobs 4
wait_on_run impl_1
open_hw_manager
connect_hw_server -allow_non_jtag
open_hw_target
set_property PROGRAM.FILE {C:/Users/mmdd3/Downloads/week12/week12/week12.runs/impl_1/top_stopwatch.bit} [get_hw_devices xc7a100t_0]
current_hw_device [get_hw_devices xc7a100t_0]
refresh_hw_device -update_hw_probes false [lindex [get_hw_devices xc7a100t_0] 0]
set_property PROBES.FILE {} [get_hw_devices xc7a100t_0]
set_property FULL_PROBES.FILE {} [get_hw_devices xc7a100t_0]
set_property PROGRAM.FILE {C:/Users/mmdd3/Downloads/week12/week12/week12.runs/impl_1/top_stopwatch.bit} [get_hw_devices xc7a100t_0]
program_hw_devices [get_hw_devices xc7a100t_0]
refresh_hw_device [lindex [get_hw_devices xc7a100t_0] 0]
