Copyright 1986-2022 Xilinx, Inc. All Rights Reserved.
-------------------------------------------------------------------------------------
| Tool Version : Vivado v.2022.1 (win64) Build 3526262 Mon Apr 18 15:48:16 MDT 2022
| Date         : Sun Dec 21 21:38:21 2025
| Host         : BOOK-PI4T4K8H7V running 64-bit major release  (build 9200)
| Command      : report_control_sets -verbose -file uart_top_control_sets_placed.rpt
| Design       : uart_top
| Device       : xc7a50t
-------------------------------------------------------------------------------------

Control Set Information

Table of Contents
-----------------
1. Summary
2. Histogram
3. Flip-Flop Distribution
4. Detailed Control Set Information

1. Summary
----------

+----------------------------------------------------------+-------+
|                          Status                          | Count |
+----------------------------------------------------------+-------+
| Total control sets                                       |    17 |
|    Minimum number of control sets                        |    17 |
|    Addition due to synthesis replication                 |     0 |
|    Addition due to physical synthesis replication        |     0 |
| Unused register locations in slices containing registers |    76 |
+----------------------------------------------------------+-------+
* Control sets can be merged at opt_design using control_set_merge or merge_equivalent_drivers
** Run report_qor_suggestions for automated merging and remapping suggestions


2. Histogram
------------

+--------------------+-------+
|       Fanout       | Count |
+--------------------+-------+
| Total control sets |    17 |
| >= 0 to < 4        |    11 |
| >= 4 to < 6        |     0 |
| >= 6 to < 8        |     0 |
| >= 8 to < 10       |     5 |
| >= 10 to < 12      |     0 |
| >= 12 to < 14      |     0 |
| >= 14 to < 16      |     0 |
| >= 16              |     1 |
+--------------------+-------+
* Control sets can be remapped at either synth_design or opt_design


3. Flip-Flop Distribution
-------------------------

+--------------+-----------------------+------------------------+-----------------+--------------+
| Clock Enable | Synchronous Set/Reset | Asynchronous Set/Reset | Total Registers | Total Slices |
+--------------+-----------------------+------------------------+-----------------+--------------+
| No           | No                    | No                     |               2 |            1 |
| No           | No                    | Yes                    |              77 |           30 |
| No           | Yes                   | No                     |               3 |            3 |
| Yes          | No                    | No                     |               8 |            2 |
| Yes          | No                    | Yes                    |              34 |           11 |
| Yes          | Yes                   | No                     |               0 |            0 |
+--------------+-----------------------+------------------------+-----------------+--------------+


4. Detailed Control Set Information
-----------------------------------

+-----------------------------------+----------------------------+----------------------------------+------------------+----------------+--------------+
|            Clock Signal           |        Enable Signal       |         Set/Reset Signal         | Slice Load Count | Bel Load Count | Bels / Slice |
+-----------------------------------+----------------------------+----------------------------------+------------------+----------------+--------------+
|  clk_IBUF_BUFG                    |                            | u_fsm/state_reg[2]_LDC_i_2_n_0   |                1 |              1 |         1.00 |
|  clk_IBUF_BUFG                    | u_tx/tx_i_1_n_0            | u_rx/rst                         |                1 |              1 |         1.00 |
|  clk_IBUF_BUFG                    | u_fsm/state[2]_P_i_1_n_0   | u_fsm/state_reg[2]_LDC_i_1_n_0   |                1 |              1 |         1.00 |
|  u_fsm/state_reg[2]_LDC_i_1_n_0   |                            | u_fsm/state_reg[2]_LDC_i_2_n_0   |                1 |              1 |         1.00 |
|  u_fsm/sw_sync_reg[1]_LDC_i_1_n_0 |                            | u_fsm/sw_sync_reg[1]_LDC_i_2_n_0 |                1 |              1 |         1.00 |
|  u_fsm/sw_sync_reg[0]_LDC_i_1_n_0 |                            | u_fsm/sw_sync_reg[0]_LDC_i_2_n_0 |                1 |              1 |         1.00 |
|  clk_IBUF_BUFG                    |                            |                                  |                1 |              2 |         2.00 |
|  clk_IBUF_BUFG                    |                            | u_fsm/sw_sync_reg[1]_LDC_i_1_n_0 |                1 |              2 |         2.00 |
|  clk_IBUF_BUFG                    |                            | u_fsm/sw_sync_reg[0]_LDC_i_1_n_0 |                1 |              2 |         2.00 |
|  clk_IBUF_BUFG                    |                            | u_fsm/sw_sync_reg[1]_LDC_i_2_n_0 |                1 |              2 |         2.00 |
|  clk_IBUF_BUFG                    |                            | u_fsm/sw_sync_reg[0]_LDC_i_2_n_0 |                1 |              2 |         2.00 |
|  clk_IBUF_BUFG                    | u_tx/tx_shifter[7]_i_1_n_0 | u_rx/rst                         |                2 |              8 |         4.00 |
|  clk_IBUF_BUFG                    | u_fsm/tx_data[7]_i_1_n_0   | u_rx/rst                         |                3 |              8 |         2.67 |
|  clk_IBUF_BUFG                    | u_rx/E[0]                  | u_rx/rst                         |                2 |              8 |         4.00 |
|  clk_IBUF_BUFG                    | u_rx/data_out[7]_i_1_n_0   | u_rx/rst                         |                2 |              8 |         4.00 |
|  clk_IBUF_BUFG                    | u_rx/shift_reg[7]_i_1_n_0  |                                  |                2 |              8 |         4.00 |
|  clk_IBUF_BUFG                    |                            | u_rx/rst                         |               25 |             68 |         2.72 |
+-----------------------------------+----------------------------+----------------------------------+------------------+----------------+--------------+


