Copyright 1986-2022 Xilinx, Inc. All Rights Reserved.
---------------------------------------------------------------------------------------
| Tool Version : Vivado v.2022.1 (win64) Build 3526262 Mon Apr 18 15:48:16 MDT 2022
| Date         : Fri May  8 15:26:11 2026
| Host         : BOOK-PI4T4K8H7V running 64-bit major release  (build 9200)
| Command      : report_control_sets -verbose -file system_top_control_sets_placed.rpt
| Design       : system_top
| Device       : xc7z007s
---------------------------------------------------------------------------------------

Control Set Information

Table of Contents
-----------------
1. Summary
2. Histogram
3. Flip-Flop Distribution
4. Detailed Control Set Information

1. Summary
----------

+----------------------------------------------------------+-------+
|                          Status                          | Count |
+----------------------------------------------------------+-------+
| Total control sets                                       |    36 |
|    Minimum number of control sets                        |    36 |
|    Addition due to synthesis replication                 |     0 |
|    Addition due to physical synthesis replication        |     0 |
| Unused register locations in slices containing registers |   112 |
+----------------------------------------------------------+-------+
* Control sets can be merged at opt_design using control_set_merge or merge_equivalent_drivers
** Run report_qor_suggestions for automated merging and remapping suggestions


2. Histogram
------------

+--------------------+-------+
|       Fanout       | Count |
+--------------------+-------+
| Total control sets |    36 |
| >= 0 to < 4        |     2 |
| >= 4 to < 6        |     6 |
| >= 6 to < 8        |     1 |
| >= 8 to < 10       |     1 |
| >= 10 to < 12      |     5 |
| >= 12 to < 14      |     5 |
| >= 14 to < 16      |     3 |
| >= 16              |    13 |
+--------------------+-------+
* Control sets can be remapped at either synth_design or opt_design


3. Flip-Flop Distribution
-------------------------

+--------------+-----------------------+------------------------+-----------------+--------------+
| Clock Enable | Synchronous Set/Reset | Asynchronous Set/Reset | Total Registers | Total Slices |
+--------------+-----------------------+------------------------+-----------------+--------------+
| No           | No                    | No                     |             109 |           37 |
| No           | No                    | Yes                    |               0 |            0 |
| No           | Yes                   | No                     |              36 |           16 |
| Yes          | No                    | No                     |             375 |           92 |
| Yes          | No                    | Yes                    |              30 |            5 |
| Yes          | Yes                   | No                     |             114 |           39 |
+--------------+-----------------------+------------------------+-----------------+--------------+


4. Detailed Control Set Information
-----------------------------------

+--------------------------------------------------------------+-----------------------------------------------------------------------------------------------------------------------------------------------------------------------------+--------------------------------------------------------------------------------------------------------------------------------------------------------------------+------------------+----------------+--------------+
|                         Clock Signal                         |                                                                                Enable Signal                                                                                |                                                                          Set/Reset Signal                                                                          | Slice Load Count | Bel Load Count | Bels / Slice |
+--------------------------------------------------------------+-----------------------------------------------------------------------------------------------------------------------------------------------------------------------------+--------------------------------------------------------------------------------------------------------------------------------------------------------------------+------------------+----------------+--------------+
|  u_week9_wrapper/week9_i/processing_system7_0/inst/FCLK_CLK0 | u_week9_wrapper/week9_i/ps7_0_axi_periph/s00_couplers/auto_pc/inst/gen_axilite.gen_b2s_conv.axilite_b2s/WR.aw_channel_0/aw_cmd_fsm_0/FSM_sequential_state_reg[0]_1          | u_week9_wrapper/week9_i/ps7_0_axi_periph/s00_couplers/auto_pc/inst/gen_axilite.gen_b2s_conv.axilite_b2s/WR.aw_channel_0/aw_cmd_fsm_0/FSM_sequential_state_reg[0]_0 |                1 |              1 |         1.00 |
|  u_week9_wrapper/week9_i/processing_system7_0/inst/FCLK_CLK0 | u_week9_wrapper/week9_i/ps7_0_axi_periph/s00_couplers/auto_pc/inst/gen_axilite.gen_b2s_conv.axilite_b2s/WR.b_channel_0/bid_fifo_0/sel                                       |                                                                                                                                                                    |                1 |              2 |         2.00 |
|  u_week9_wrapper/week9_i/processing_system7_0/inst/FCLK_CLK0 |                                                                                                                                                                             | u_week9_wrapper/week9_i/ps7_0_axi_periph/s00_couplers/auto_pc/inst/gen_axilite.gen_b2s_conv.axilite_b2s/SI_REG/aw.aw_pipe/aresetn_d_reg[0]_0                       |                2 |              4 |         2.00 |
|  u_week9_wrapper/week9_i/processing_system7_0/inst/FCLK_CLK0 |                                                                                                                                                                             | u_week9_wrapper/week9_i/ps7_0_axi_periph/s00_couplers/auto_pc/inst/gen_axilite.gen_b2s_conv.axilite_b2s/SI_REG/ar.ar_pipe/aresetn_d_reg[1]_inv_0                   |                2 |              4 |         2.00 |
|  u_week9_wrapper/week9_i/processing_system7_0/inst/FCLK_CLK0 |                                                                                                                                                                             | u_week9_wrapper/week9_i/rst_ps7_0_100M/U0/EXT_LPF/lpf_int                                                                                                          |                1 |              4 |         4.00 |
|  u_week9_wrapper/week9_i/processing_system7_0/inst/FCLK_CLK0 | u_week9_wrapper/week9_i/ps7_0_axi_periph/s00_couplers/auto_pc/inst/gen_axilite.gen_b2s_conv.axilite_b2s/RD.ar_channel_0/ar_cmd_fsm_0/m_axi_arready_2                        | u_week9_wrapper/week9_i/ps7_0_axi_periph/s00_couplers/auto_pc/inst/gen_axilite.gen_b2s_conv.axilite_b2s/RD.ar_channel_0/ar_cmd_fsm_0/FSM_sequential_state_reg[1]_0 |                1 |              4 |         4.00 |
|  u_week9_wrapper/week9_i/processing_system7_0/inst/FCLK_CLK0 | u_week9_wrapper/week9_i/ps7_0_axi_periph/s00_couplers/auto_pc/inst/gen_axilite.gen_b2s_conv.axilite_b2s/RD.r_channel_0/rd_data_fifo_0/cnt_read[4]_i_1__0_n_0                | u_week9_wrapper/week9_i/ps7_0_axi_periph/s00_couplers/auto_pc/inst/gen_axilite.gen_b2s_conv.axilite_b2s/areset_d1                                                  |                1 |              5 |         5.00 |
|  u_week9_wrapper/week9_i/processing_system7_0/inst/FCLK_CLK0 | u_week9_wrapper/week9_i/ps7_0_axi_periph/s00_couplers/auto_pc/inst/gen_axilite.gen_b2s_conv.axilite_b2s/RD.r_channel_0/transaction_fifo_0/cnt_read[4]_i_1_n_0               | u_week9_wrapper/week9_i/ps7_0_axi_periph/s00_couplers/auto_pc/inst/gen_axilite.gen_b2s_conv.axilite_b2s/areset_d1                                                  |                3 |              5 |         1.67 |
|  u_week9_wrapper/week9_i/processing_system7_0/inst/FCLK_CLK0 | u_week9_wrapper/week9_i/rst_ps7_0_100M/U0/SEQ/seq_cnt_en                                                                                                                    | u_week9_wrapper/week9_i/rst_ps7_0_100M/U0/SEQ/SEQ_COUNTER/clear                                                                                                    |                1 |              6 |         6.00 |
|  u_week9_wrapper/week9_i/processing_system7_0/inst/FCLK_CLK0 | u_week9_wrapper/week9_i/ps7_0_axi_periph/s00_couplers/auto_pc/inst/gen_axilite.gen_b2s_conv.axilite_b2s/WR.b_channel_0/mhandshake_r                                         | u_week9_wrapper/week9_i/ps7_0_axi_periph/s00_couplers/auto_pc/inst/gen_axilite.gen_b2s_conv.axilite_b2s/WR.b_channel_0/bid_fifo_0/SR[0]                            |                3 |              8 |         2.67 |
|  u_week9_wrapper/week9_i/processing_system7_0/inst/FCLK_CLK0 |                                                                                                                                                                             | u_week9_wrapper/week9_i/ps7_0_axi_periph/s00_couplers/auto_pc/inst/gen_axilite.gen_b2s_conv.axilite_b2s/areset_d1                                                  |                4 |             10 |         2.50 |
|  u_week9_wrapper/week9_i/processing_system7_0/inst/FCLK_CLK0 | u_week9_wrapper/bbstub_m_apb_pwrite[0]                                                                                                                                      | u_week9_wrapper/bbstub_peripheral_aresetn[0]                                                                                                                       |                2 |             10 |         5.00 |
|  u_week9_wrapper/week9_i/processing_system7_0/inst/FCLK_CLK0 | u_week9_wrapper/week9_i/ps7_0_axi_periph/s00_couplers/auto_pc/inst/gen_axilite.gen_b2s_conv.axilite_b2s/RD.r_channel_0/rd_data_fifo_0/wr_en0                                |                                                                                                                                                                    |                3 |             10 |         3.33 |
|  u_week9_wrapper/week9_i/processing_system7_0/inst/FCLK_CLK0 | u_week9_wrapper/week9_i/axi_apb_bridge_0/U0/APB_MASTER_IF_MODULE/PWDATA_i[31]_i_1_n_0                                                                                       | u_week9_wrapper/week9_i/axi_apb_bridge_0/U0/AXILITE_SLAVE_IF_MODULE/s_axi_aresetn_0                                                                                |                2 |             10 |         5.00 |
|  u_week9_wrapper/week9_i/processing_system7_0/inst/FCLK_CLK0 | u_week9_wrapper/week9_i/axi_apb_bridge_0/U0/AXILITE_SLAVE_IF_MODULE/S_AXI_RDATA[31]_i_1_n_0                                                                                 | u_week9_wrapper/week9_i/axi_apb_bridge_0/U0/AXILITE_SLAVE_IF_MODULE/s_axi_aresetn_0                                                                                |                2 |             10 |         5.00 |
|  u_week9_wrapper/week9_i/processing_system7_0/inst/FCLK_CLK0 | u_week9_wrapper/week9_i/ps7_0_axi_periph/s00_couplers/auto_pc/inst/gen_axilite.gen_b2s_conv.axilite_b2s/RD.ar_channel_0/ar_cmd_fsm_0/sel_first_reg[0]                       |                                                                                                                                                                    |                3 |             12 |         4.00 |
|  u_week9_wrapper/week9_i/processing_system7_0/inst/FCLK_CLK0 | u_week9_wrapper/week9_i/ps7_0_axi_periph/s00_couplers/auto_pc/inst/gen_axilite.gen_b2s_conv.axilite_b2s/RD.ar_channel_0/ar_cmd_fsm_0/E[0]                                   |                                                                                                                                                                    |                4 |             12 |         3.00 |
|  u_week9_wrapper/week9_i/processing_system7_0/inst/FCLK_CLK0 | u_week9_wrapper/week9_i/ps7_0_axi_periph/s00_couplers/auto_pc/inst/gen_axilite.gen_b2s_conv.axilite_b2s/WR.aw_channel_0/aw_cmd_fsm_0/m_valid_i_reg[0]                       |                                                                                                                                                                    |                6 |             12 |         2.00 |
|  u_week9_wrapper/week9_i/processing_system7_0/inst/FCLK_CLK0 | u_week9_wrapper/week9_i/ps7_0_axi_periph/s00_couplers/auto_pc/inst/gen_axilite.gen_b2s_conv.axilite_b2s/WR.aw_channel_0/cmd_translator_0/incr_cmd_0/axaddr_incr[11]_i_1_n_0 |                                                                                                                                                                    |                4 |             12 |         3.00 |
|  u_week9_wrapper/week9_i/processing_system7_0/inst/FCLK_CLK0 | u_week9_wrapper/week9_i/ps7_0_axi_periph/s00_couplers/auto_pc/inst/gen_axilite.gen_b2s_conv.axilite_b2s/RD.r_channel_0/r_push_r                                             |                                                                                                                                                                    |                4 |             13 |         3.25 |
|  u_week9_wrapper/week9_i/processing_system7_0/inst/FCLK_CLK0 |                                                                                                                                                                             | u_week9_wrapper/week9_i/axi_apb_bridge_0/U0/AXILITE_SLAVE_IF_MODULE/s_axi_aresetn_0                                                                                |                7 |             14 |         2.00 |
|  u_week9_wrapper/week9_i/processing_system7_0/inst/FCLK_CLK0 | u_week9_wrapper/week9_i/ps7_0_axi_periph/s00_couplers/auto_pc/inst/gen_axilite.gen_b2s_conv.axilite_b2s/SI_REG/b.b_pipe/s_ready_i_reg_0                                     |                                                                                                                                                                    |                2 |             14 |         7.00 |
|  u_week9_wrapper/week9_i/processing_system7_0/inst/FCLK_CLK0 | u_week9_wrapper/week9_i/ps7_0_axi_periph/s00_couplers/auto_pc/inst/gen_axilite.gen_b2s_conv.axilite_b2s/SI_REG/b.b_pipe/p_1_in                                              |                                                                                                                                                                    |                3 |             14 |         4.67 |
|  u_week9_wrapper/week9_i/processing_system7_0/inst/FCLK_CLK0 | u_week9_wrapper/week9_i/ps7_0_axi_periph/s00_couplers/auto_pc/inst/gen_axilite.gen_b2s_conv.axilite_b2s/WR.aw_channel_0/aw_cmd_fsm_0/m_axi_awready_0                        |                                                                                                                                                                    |                3 |             16 |         5.33 |
|  u_week9_wrapper/week9_i/processing_system7_0/inst/FCLK_CLK0 | u_week9_wrapper/E[0]                                                                                                                                                        | u_week9_wrapper/bbstub_peripheral_aresetn[0]                                                                                                                       |                3 |             20 |         6.67 |
|  u_week9_wrapper/week9_i/processing_system7_0/inst/FCLK_CLK0 | u_week9_wrapper/week9_i/ps7_0_axi_periph/s00_couplers/auto_pc/inst/gen_axilite.gen_b2s_conv.axilite_b2s/RD.ar_channel_0/ar_cmd_fsm_0/m_axi_arready_2                        |                                                                                                                                                                    |                7 |             21 |         3.00 |
|  u_week9_wrapper/week9_i/processing_system7_0/inst/FCLK_CLK0 | u_week9_wrapper/week9_i/ps7_0_axi_periph/s00_couplers/auto_pc/inst/gen_axilite.gen_b2s_conv.axilite_b2s/SI_REG/r.r_pipe/p_1_in                                              |                                                                                                                                                                    |                4 |             23 |         5.75 |
|  u_week9_wrapper/week9_i/processing_system7_0/inst/FCLK_CLK0 | u_week9_wrapper/week9_i/ps7_0_axi_periph/s00_couplers/auto_pc/inst/gen_axilite.gen_b2s_conv.axilite_b2s/SI_REG/r.r_pipe/s_ready_i_reg_0                                     |                                                                                                                                                                    |                6 |             23 |         3.83 |
|  u_week9_wrapper/week9_i/processing_system7_0/inst/FCLK_CLK0 | u_week9_wrapper/week9_i/ps7_0_axi_periph/s00_couplers/auto_pc/inst/gen_axilite.gen_b2s_conv.axilite_b2s/WR.aw_channel_0/aw_cmd_fsm_0/FSM_sequential_state_reg[0]_1          |                                                                                                                                                                    |               10 |             24 |         2.40 |
|  u_week9_wrapper/week9_i/processing_system7_0/inst/FCLK_CLK0 | u_week9_wrapper/week9_i/axi_apb_bridge_0/U0/AXILITE_SLAVE_IF_MODULE/address_i[31]_i_1_n_0                                                                                   | u_week9_wrapper/week9_i/axi_apb_bridge_0/U0/AXILITE_SLAVE_IF_MODULE/s_axi_aresetn_0                                                                                |               10 |             32 |         3.20 |
|  u_week9_wrapper/week9_i/processing_system7_0/inst/FCLK_CLK0 | u_week9_wrapper/week9_i/axi_apb_bridge_0/U0/AXILITE_SLAVE_IF_MODULE/FSM_sequential_axi_wr_rd_cs_reg[0]_0                                                                    | u_week9_wrapper/week9_i/axi_apb_bridge_0/U0/AXILITE_SLAVE_IF_MODULE/s_axi_aresetn_0                                                                                |               15 |             33 |         2.20 |
|  u_week9_wrapper/week9_i/processing_system7_0/inst/FCLK_CLK0 | u_week9_wrapper/week9_i/ps7_0_axi_periph/s00_couplers/auto_pc/inst/gen_axilite.gen_b2s_conv.axilite_b2s/SI_REG/ar.ar_pipe/s_ready_i_reg_0                                   |                                                                                                                                                                    |               12 |             52 |         4.33 |
|  u_week9_wrapper/week9_i/processing_system7_0/inst/FCLK_CLK0 | u_week9_wrapper/week9_i/ps7_0_axi_periph/s00_couplers/auto_pc/inst/gen_axilite.gen_b2s_conv.axilite_b2s/WR.aw_channel_0/aw_cmd_fsm_0/E[0]                                   |                                                                                                                                                                    |               10 |             52 |         5.20 |
|  u_week9_wrapper/week9_i/processing_system7_0/inst/FCLK_CLK0 | u_week9_wrapper/week9_i/ps7_0_axi_periph/s00_couplers/auto_pc/inst/gen_axilite.gen_b2s_conv.axilite_b2s/SI_REG/aw.aw_pipe/s_ready_i_reg_0                                   |                                                                                                                                                                    |               13 |             52 |         4.00 |
|  u_week9_wrapper/week9_i/processing_system7_0/inst/FCLK_CLK0 | u_week9_wrapper/week9_i/ps7_0_axi_periph/s00_couplers/auto_pc/inst/gen_axilite.gen_b2s_conv.axilite_b2s/RD.ar_channel_0/ar_cmd_fsm_0/m_valid_i_reg[0]                       |                                                                                                                                                                    |                8 |             52 |         6.50 |
|  u_week9_wrapper/week9_i/processing_system7_0/inst/FCLK_CLK0 |                                                                                                                                                                             |                                                                                                                                                                    |               38 |            110 |         2.89 |
+--------------------------------------------------------------+-----------------------------------------------------------------------------------------------------------------------------------------------------------------------------+--------------------------------------------------------------------------------------------------------------------------------------------------------------------+------------------+----------------+--------------+


