Copyright 1986-2022 Xilinx, Inc. All Rights Reserved.
-----------------------------------------------------------------------------------------------------------------------
| Tool Version : Vivado v.2022.1 (win64) Build 3526262 Mon Apr 18 15:48:16 MDT 2022
| Date         : Fri May 22 14:44:48 2026
| Host         : BOOK-PI4T4K8H7V running 64-bit major release  (build 9200)
| Command      : report_utilization -file Stopwatch_Top_utilization_placed.rpt -pb Stopwatch_Top_utilization_placed.pb
| Design       : Stopwatch_Top
| Device       : xc7z007sclg400-1
| Speed File   : -1
| Design State : Fully Placed
-----------------------------------------------------------------------------------------------------------------------

Utilization Design Information

Table of Contents
-----------------
1. Slice Logic
1.1 Summary of Registers by Type
2. Slice Logic Distribution
3. Memory
4. DSP
5. IO and GT Specific
6. Clocking
7. Specific Feature
8. Primitives
9. Black Boxes
10. Instantiated Netlists

1. Slice Logic
--------------

+----------------------------+------+-------+------------+-----------+-------+
|          Site Type         | Used | Fixed | Prohibited | Available | Util% |
+----------------------------+------+-------+------------+-----------+-------+
| Slice LUTs                 |  602 |     0 |          0 |     14400 |  4.18 |
|   LUT as Logic             |  542 |     0 |          0 |     14400 |  3.76 |
|   LUT as Memory            |   60 |     0 |          0 |      6000 |  1.00 |
|     LUT as Distributed RAM |    0 |     0 |            |           |       |
|     LUT as Shift Register  |   60 |     0 |            |           |       |
| Slice Registers            |  834 |     0 |          0 |     28800 |  2.90 |
|   Register as Flip Flop    |  834 |     0 |          0 |     28800 |  2.90 |
|   Register as Latch        |    0 |     0 |          0 |     28800 |  0.00 |
| F7 Muxes                   |    0 |     0 |          0 |      8800 |  0.00 |
| F8 Muxes                   |    0 |     0 |          0 |      4400 |  0.00 |
+----------------------------+------+-------+------------+-----------+-------+


1.1 Summary of Registers by Type
--------------------------------

+-------+--------------+-------------+--------------+
| Total | Clock Enable | Synchronous | Asynchronous |
+-------+--------------+-------------+--------------+
| 0     |            _ |           - |            - |
| 0     |            _ |           - |          Set |
| 0     |            _ |           - |        Reset |
| 0     |            _ |         Set |            - |
| 0     |            _ |       Reset |            - |
| 0     |          Yes |           - |            - |
| 0     |          Yes |           - |          Set |
| 0     |          Yes |           - |        Reset |
| 36    |          Yes |         Set |            - |
| 798   |          Yes |       Reset |            - |
+-------+--------------+-------------+--------------+


2. Slice Logic Distribution
---------------------------

+--------------------------------------------+------+-------+------------+-----------+-------+
|                  Site Type                 | Used | Fixed | Prohibited | Available | Util% |
+--------------------------------------------+------+-------+------------+-----------+-------+
| Slice                                      |  288 |     0 |          0 |      4400 |  6.55 |
|   SLICEL                                   |  173 |     0 |            |           |       |
|   SLICEM                                   |  115 |     0 |            |           |       |
| LUT as Logic                               |  542 |     0 |          0 |     14400 |  3.76 |
|   using O5 output only                     |    0 |       |            |           |       |
|   using O6 output only                     |  376 |       |            |           |       |
|   using O5 and O6                          |  166 |       |            |           |       |
| LUT as Memory                              |   60 |     0 |          0 |      6000 |  1.00 |
|   LUT as Distributed RAM                   |    0 |     0 |            |           |       |
|   LUT as Shift Register                    |   60 |     0 |            |           |       |
|     using O5 output only                   |    0 |       |            |           |       |
|     using O6 output only                   |   56 |       |            |           |       |
|     using O5 and O6                        |    4 |       |            |           |       |
| Slice Registers                            |  834 |     0 |          0 |     28800 |  2.90 |
|   Register driven from within the Slice    |  596 |       |            |           |       |
|   Register driven from outside the Slice   |  238 |       |            |           |       |
|     LUT in front of the register is unused |  174 |       |            |           |       |
|     LUT in front of the register is used   |   64 |       |            |           |       |
| Unique Control Sets                        |   44 |       |          0 |      4400 |  1.00 |
+--------------------------------------------+------+-------+------------+-----------+-------+
* * Note: Available Control Sets calculated as Slice * 1, Review the Control Sets Report for more information regarding control sets.


3. Memory
---------

+----------------+------+-------+------------+-----------+-------+
|    Site Type   | Used | Fixed | Prohibited | Available | Util% |
+----------------+------+-------+------------+-----------+-------+
| Block RAM Tile |    0 |     0 |          0 |        50 |  0.00 |
|   RAMB36/FIFO* |    0 |     0 |          0 |        50 |  0.00 |
|   RAMB18       |    0 |     0 |          0 |       100 |  0.00 |
+----------------+------+-------+------------+-----------+-------+
* Note: Each Block RAM Tile only has one FIFO logic available and therefore can accommodate only one FIFO36E1 or one FIFO18E1. However, if a FIFO18E1 occupies a Block RAM Tile, that tile can still accommodate a RAMB18E1


4. DSP
------

+-----------+------+-------+------------+-----------+-------+
| Site Type | Used | Fixed | Prohibited | Available | Util% |
+-----------+------+-------+------------+-----------+-------+
| DSPs      |    0 |     0 |          0 |        66 |  0.00 |
+-----------+------+-------+------------+-----------+-------+


5. IO and GT Specific
---------------------

+-----------------------------+------+-------+------------+-----------+--------+
|          Site Type          | Used | Fixed | Prohibited | Available |  Util% |
+-----------------------------+------+-------+------------+-----------+--------+
| Bonded IOB                  |   20 |    20 |          0 |       100 |  20.00 |
|   IOB Master Pads           |   11 |       |            |           |        |
|   IOB Slave Pads            |    7 |       |            |           |        |
| Bonded IPADs                |    0 |     0 |          0 |         2 |   0.00 |
| Bonded IOPADs               |  130 |   130 |          0 |       130 | 100.00 |
| PHY_CONTROL                 |    0 |     0 |          0 |         2 |   0.00 |
| PHASER_REF                  |    0 |     0 |          0 |         2 |   0.00 |
| OUT_FIFO                    |    0 |     0 |          0 |         8 |   0.00 |
| IN_FIFO                     |    0 |     0 |          0 |         8 |   0.00 |
| IDELAYCTRL                  |    0 |     0 |          0 |         2 |   0.00 |
| IBUFDS                      |    0 |     0 |          0 |        96 |   0.00 |
| PHASER_OUT/PHASER_OUT_PHY   |    0 |     0 |          0 |         8 |   0.00 |
| PHASER_IN/PHASER_IN_PHY     |    0 |     0 |          0 |         8 |   0.00 |
| IDELAYE2/IDELAYE2_FINEDELAY |    0 |     0 |          0 |       100 |   0.00 |
| ILOGIC                      |    0 |     0 |          0 |       100 |   0.00 |
| OLOGIC                      |    0 |     0 |          0 |       100 |   0.00 |
+-----------------------------+------+-------+------------+-----------+--------+


6. Clocking
-----------

+------------+------+-------+------------+-----------+-------+
|  Site Type | Used | Fixed | Prohibited | Available | Util% |
+------------+------+-------+------------+-----------+-------+
| BUFGCTRL   |    1 |     0 |          0 |        32 |  3.13 |
| BUFIO      |    0 |     0 |          0 |         8 |  0.00 |
| MMCME2_ADV |    0 |     0 |          0 |         2 |  0.00 |
| PLLE2_ADV  |    0 |     0 |          0 |         2 |  0.00 |
| BUFMRCE    |    0 |     0 |          0 |         4 |  0.00 |
| BUFHCE     |    0 |     0 |          0 |        48 |  0.00 |
| BUFR       |    0 |     0 |          0 |         8 |  0.00 |
+------------+------+-------+------------+-----------+-------+


7. Specific Feature
-------------------

+-------------+------+-------+------------+-----------+-------+
|  Site Type  | Used | Fixed | Prohibited | Available | Util% |
+-------------+------+-------+------------+-----------+-------+
| BSCANE2     |    0 |     0 |          0 |         4 |  0.00 |
| CAPTUREE2   |    0 |     0 |          0 |         1 |  0.00 |
| DNA_PORT    |    0 |     0 |          0 |         1 |  0.00 |
| EFUSE_USR   |    0 |     0 |          0 |         1 |  0.00 |
| FRAME_ECCE2 |    0 |     0 |          0 |         1 |  0.00 |
| ICAPE2      |    0 |     0 |          0 |         2 |  0.00 |
| STARTUPE2   |    0 |     0 |          0 |         1 |  0.00 |
| XADC        |    0 |     0 |          0 |         1 |  0.00 |
+-------------+------+-------+------------+-----------+-------+


8. Primitives
-------------

+----------+------+----------------------+
| Ref Name | Used |  Functional Category |
+----------+------+----------------------+
| FDRE     |  798 |         Flop & Latch |
| LUT3     |  233 |                  LUT |
| LUT6     |  192 |                  LUT |
| BIBUF    |  130 |                   IO |
| LUT4     |   98 |                  LUT |
| LUT5     |   95 |                  LUT |
| LUT2     |   72 |                  LUT |
| CARRY4   |   68 |           CarryLogic |
| SRLC32E  |   45 |   Distributed Memory |
| FDSE     |   36 |         Flop & Latch |
| SRL16E   |   19 |   Distributed Memory |
| LUT1     |   18 |                  LUT |
| OBUF     |   16 |                   IO |
| IBUF     |    4 |                   IO |
| PS7      |    1 | Specialized Resource |
| BUFG     |    1 |                Clock |
+----------+------+----------------------+


9. Black Boxes
--------------

+----------+------+
| Ref Name | Used |
+----------+------+


10. Instantiated Netlists
-------------------------

+-------------------------------+------+
|            Ref Name           | Used |
+-------------------------------+------+
| week11_rst_ps7_0_100M_0       |    1 |
| week11_processing_system7_0_1 |    1 |
| week11_axi_apb_bridge_0_2     |    1 |
| week11_auto_pc_0              |    1 |
+-------------------------------+------+


