Copyright 1986-2022 Xilinx, Inc. All Rights Reserved.
---------------------------------------------------------------------------------------
| Tool Version : Vivado v.2022.1 (win64) Build 3526262 Mon Apr 18 15:48:16 MDT 2022
| Date         : Fri May 15 16:02:48 2026
| Host         : BOOK-PI4T4K8H7V running 64-bit major release  (build 9200)
| Command      : report_control_sets -verbose -file system_top_control_sets_placed.rpt
| Design       : system_top
| Device       : xc7z007s
---------------------------------------------------------------------------------------

Control Set Information

Table of Contents
-----------------
1. Summary
2. Histogram
3. Flip-Flop Distribution
4. Detailed Control Set Information

1. Summary
----------

+----------------------------------------------------------+-------+
|                          Status                          | Count |
+----------------------------------------------------------+-------+
| Total control sets                                       |    44 |
|    Minimum number of control sets                        |    44 |
|    Addition due to synthesis replication                 |     0 |
|    Addition due to physical synthesis replication        |     0 |
| Unused register locations in slices containing registers |   102 |
+----------------------------------------------------------+-------+
* Control sets can be merged at opt_design using control_set_merge or merge_equivalent_drivers
** Run report_qor_suggestions for automated merging and remapping suggestions


2. Histogram
------------

+--------------------+-------+
|       Fanout       | Count |
+--------------------+-------+
| Total control sets |    44 |
| >= 0 to < 4        |     3 |
| >= 4 to < 6        |     9 |
| >= 6 to < 8        |     2 |
| >= 8 to < 10       |     2 |
| >= 10 to < 12      |     2 |
| >= 12 to < 14      |     5 |
| >= 14 to < 16      |     3 |
| >= 16              |    18 |
+--------------------+-------+
* Control sets can be remapped at either synth_design or opt_design


3. Flip-Flop Distribution
-------------------------

+--------------+-----------------------+------------------------+-----------------+--------------+
| Clock Enable | Synchronous Set/Reset | Asynchronous Set/Reset | Total Registers | Total Slices |
+--------------+-----------------------+------------------------+-----------------+--------------+
| No           | No                    | No                     |             197 |           60 |
| No           | No                    | Yes                    |               0 |            0 |
| No           | Yes                   | No                     |              95 |           36 |
| Yes          | No                    | No                     |             442 |          108 |
| Yes          | No                    | Yes                    |              32 |            5 |
| Yes          | Yes                   | No                     |             156 |           42 |
+--------------+-----------------------+------------------------+-----------------+--------------+


4. Detailed Control Set Information
-----------------------------------

+--------------------------------------------------------------------+-----------------------------------------------------------------------------------------------------------------------------------------------------------------------------------+--------------------------------------------------------------------------------------------------------------------------------------------------------------------------+------------------+----------------+--------------+
|                            Clock Signal                            |                                                                                   Enable Signal                                                                                   |                                                                             Set/Reset Signal                                                                             | Slice Load Count | Bel Load Count | Bels / Slice |
+--------------------------------------------------------------------+-----------------------------------------------------------------------------------------------------------------------------------------------------------------------------------+--------------------------------------------------------------------------------------------------------------------------------------------------------------------------+------------------+----------------+--------------+
|  u_week10_1_wrapper/week10_1_i/processing_system7_0/inst/FCLK_CLK0 | u_week10_1_wrapper/week10_1_i/axi_apb_bridge_0/U0/AXILITE_SLAVE_IF_MODULE/FSM_sequential_axi_wr_rd_cs_reg[0]_0                                                                    | u_week10_1_wrapper/week10_1_i/axi_apb_bridge_0/U0/AXILITE_SLAVE_IF_MODULE/s_axi_aresetn_0                                                                                |                1 |              1 |         1.00 |
|  u_week10_1_wrapper/week10_1_i/processing_system7_0/inst/FCLK_CLK0 | u_week10_1_wrapper/week10_1_i/ps7_0_axi_periph/s00_couplers/auto_pc/inst/gen_axilite.gen_b2s_conv.axilite_b2s/WR.aw_channel_0/aw_cmd_fsm_0/FSM_sequential_state_reg[0]_1          | u_week10_1_wrapper/week10_1_i/ps7_0_axi_periph/s00_couplers/auto_pc/inst/gen_axilite.gen_b2s_conv.axilite_b2s/WR.aw_channel_0/aw_cmd_fsm_0/FSM_sequential_state_reg[0]_0 |                1 |              1 |         1.00 |
|  u_week10_1_wrapper/week10_1_i/processing_system7_0/inst/FCLK_CLK0 | u_week10_1_wrapper/week10_1_i/ps7_0_axi_periph/s00_couplers/auto_pc/inst/gen_axilite.gen_b2s_conv.axilite_b2s/WR.b_channel_0/bid_fifo_0/sel                                       |                                                                                                                                                                          |                1 |              2 |         2.00 |
|  u_week10_1_wrapper/week10_1_i/processing_system7_0/inst/FCLK_CLK0 | u_week10_1_wrapper/week10_1_i/axi_gpio_0/U0/AXI_LITE_IPIF_I/I_SLAVE_ATTACHMENT/I_DECODER/E[0]                                                                                     | u_week10_1_wrapper/week10_1_i/axi_gpio_0/U0/AXI_LITE_IPIF_I/I_SLAVE_ATTACHMENT/SR[0]                                                                                     |                1 |              4 |         4.00 |
|  u_week10_1_wrapper/week10_1_i/processing_system7_0/inst/FCLK_CLK0 |                                                                                                                                                                                   | u_week10_1_wrapper/week10_1_i/axi_gpio_0/U0/AXI_LITE_IPIF_I/I_SLAVE_ATTACHMENT/clear                                                                                     |                1 |              4 |         4.00 |
|  u_week10_1_wrapper/week10_1_i/processing_system7_0/inst/FCLK_CLK0 |                                                                                                                                                                                   | u_week10_1_wrapper/week10_1_i/axi_gpio_0/U0/gpio_core_1/Not_Dual.ALLIN1_ND.READ_REG_GEN[3].reg1[31]_i_1_n_0                                                              |                2 |              4 |         2.00 |
|  u_week10_1_wrapper/week10_1_i/processing_system7_0/inst/FCLK_CLK0 |                                                                                                                                                                                   | u_week10_1_wrapper/week10_1_i/rst_ps7_0_100M/U0/EXT_LPF/lpf_int                                                                                                          |                2 |              4 |         2.00 |
|  u_week10_1_wrapper/week10_1_i/processing_system7_0/inst/FCLK_CLK0 |                                                                                                                                                                                   | u_week10_1_wrapper/week10_1_i/ps7_0_axi_periph/s00_couplers/auto_pc/inst/gen_axilite.gen_b2s_conv.axilite_b2s/SI_REG/ar.ar_pipe/aresetn_d_reg[1]_inv_0                   |                2 |              4 |         2.00 |
|  u_week10_1_wrapper/week10_1_i/processing_system7_0/inst/FCLK_CLK0 |                                                                                                                                                                                   | u_week10_1_wrapper/week10_1_i/ps7_0_axi_periph/s00_couplers/auto_pc/inst/gen_axilite.gen_b2s_conv.axilite_b2s/SI_REG/aw.aw_pipe/aresetn_d_reg[0]_0                       |                2 |              4 |         2.00 |
|  u_week10_1_wrapper/week10_1_i/processing_system7_0/inst/FCLK_CLK0 | u_week10_1_wrapper/week10_1_i/ps7_0_axi_periph/s00_couplers/auto_pc/inst/gen_axilite.gen_b2s_conv.axilite_b2s/RD.ar_channel_0/ar_cmd_fsm_0/m_axi_arready_2                        | u_week10_1_wrapper/week10_1_i/ps7_0_axi_periph/s00_couplers/auto_pc/inst/gen_axilite.gen_b2s_conv.axilite_b2s/RD.ar_channel_0/ar_cmd_fsm_0/FSM_sequential_state_reg[1]_0 |                1 |              4 |         4.00 |
|  u_week10_1_wrapper/week10_1_i/processing_system7_0/inst/FCLK_CLK0 | u_week10_1_wrapper/week10_1_i/ps7_0_axi_periph/s00_couplers/auto_pc/inst/gen_axilite.gen_b2s_conv.axilite_b2s/RD.r_channel_0/rd_data_fifo_0/cnt_read[4]_i_1__0_n_0                | u_week10_1_wrapper/week10_1_i/ps7_0_axi_periph/s00_couplers/auto_pc/inst/gen_axilite.gen_b2s_conv.axilite_b2s/areset_d1                                                  |                2 |              5 |         2.50 |
|  u_week10_1_wrapper/week10_1_i/processing_system7_0/inst/FCLK_CLK0 | u_week10_1_wrapper/week10_1_i/ps7_0_axi_periph/s00_couplers/auto_pc/inst/gen_axilite.gen_b2s_conv.axilite_b2s/RD.r_channel_0/transaction_fifo_0/cnt_read[4]_i_1_n_0               | u_week10_1_wrapper/week10_1_i/ps7_0_axi_periph/s00_couplers/auto_pc/inst/gen_axilite.gen_b2s_conv.axilite_b2s/areset_d1                                                  |                1 |              5 |         5.00 |
|  u_week10_1_wrapper/week10_1_i/processing_system7_0/inst/FCLK_CLK0 | u_week10_1_wrapper/week10_1_i/axi_gpio_0/U0/AXI_LITE_IPIF_I/I_SLAVE_ATTACHMENT/s_axi_rresp_i                                                                                      | u_week10_1_wrapper/week10_1_i/axi_gpio_0/U0/AXI_LITE_IPIF_I/I_SLAVE_ATTACHMENT/SR[0]                                                                                     |                1 |              6 |         6.00 |
|  u_week10_1_wrapper/week10_1_i/processing_system7_0/inst/FCLK_CLK0 | u_week10_1_wrapper/week10_1_i/rst_ps7_0_100M/U0/SEQ/seq_cnt_en                                                                                                                    | u_week10_1_wrapper/week10_1_i/rst_ps7_0_100M/U0/SEQ/SEQ_COUNTER/clear                                                                                                    |                1 |              6 |         6.00 |
|  u_week10_1_wrapper/week10_1_i/processing_system7_0/inst/FCLK_CLK0 | u_week10_1_wrapper/week10_1_i/axi_gpio_0/U0/AXI_LITE_IPIF_I/I_SLAVE_ATTACHMENT/bus2ip_addr_i[8]_i_1_n_0                                                                           | u_week10_1_wrapper/week10_1_i/axi_gpio_0/U0/AXI_LITE_IPIF_I/I_SLAVE_ATTACHMENT/SR[0]                                                                                     |                3 |              8 |         2.67 |
|  u_week10_1_wrapper/week10_1_i/processing_system7_0/inst/FCLK_CLK0 | u_week10_1_wrapper/week10_1_i/ps7_0_axi_periph/s00_couplers/auto_pc/inst/gen_axilite.gen_b2s_conv.axilite_b2s/WR.b_channel_0/mhandshake_r                                         | u_week10_1_wrapper/week10_1_i/ps7_0_axi_periph/s00_couplers/auto_pc/inst/gen_axilite.gen_b2s_conv.axilite_b2s/WR.b_channel_0/bid_fifo_0/SR[0]                            |                2 |              8 |         4.00 |
|  u_week10_1_wrapper/week10_1_i/processing_system7_0/inst/FCLK_CLK0 |                                                                                                                                                                                   | u_week10_1_wrapper/week10_1_i/ps7_0_axi_periph/s00_couplers/auto_pc/inst/gen_axilite.gen_b2s_conv.axilite_b2s/areset_d1                                                  |                4 |             10 |         2.50 |
|  u_week10_1_wrapper/week10_1_i/processing_system7_0/inst/FCLK_CLK0 |                                                                                                                                                                                   | u_week10_1_wrapper/week10_1_i/ps7_0_axi_periph/xbar/inst/gen_sasd.crossbar_sasd_0/addr_arbiter_inst/SR[0]                                                                |                4 |             11 |         2.75 |
|  u_week10_1_wrapper/week10_1_i/processing_system7_0/inst/FCLK_CLK0 | u_week10_1_wrapper/week10_1_i/ps7_0_axi_periph/s00_couplers/auto_pc/inst/gen_axilite.gen_b2s_conv.axilite_b2s/WR.aw_channel_0/cmd_translator_0/incr_cmd_0/axaddr_incr[11]_i_1_n_0 |                                                                                                                                                                          |                2 |             12 |         6.00 |
|  u_week10_1_wrapper/week10_1_i/processing_system7_0/inst/FCLK_CLK0 | u_week10_1_wrapper/week10_1_i/ps7_0_axi_periph/s00_couplers/auto_pc/inst/gen_axilite.gen_b2s_conv.axilite_b2s/WR.aw_channel_0/aw_cmd_fsm_0/m_valid_i_reg[0]                       |                                                                                                                                                                          |                5 |             12 |         2.40 |
|  u_week10_1_wrapper/week10_1_i/processing_system7_0/inst/FCLK_CLK0 | u_week10_1_wrapper/week10_1_i/ps7_0_axi_periph/s00_couplers/auto_pc/inst/gen_axilite.gen_b2s_conv.axilite_b2s/RD.ar_channel_0/ar_cmd_fsm_0/E[0]                                   |                                                                                                                                                                          |                5 |             12 |         2.40 |
|  u_week10_1_wrapper/week10_1_i/processing_system7_0/inst/FCLK_CLK0 | u_week10_1_wrapper/week10_1_i/ps7_0_axi_periph/s00_couplers/auto_pc/inst/gen_axilite.gen_b2s_conv.axilite_b2s/RD.ar_channel_0/ar_cmd_fsm_0/sel_first_reg[0]                       |                                                                                                                                                                          |                3 |             12 |         4.00 |
|  u_week10_1_wrapper/week10_1_i/processing_system7_0/inst/FCLK_CLK0 | u_week10_1_wrapper/week10_1_i/ps7_0_axi_periph/s00_couplers/auto_pc/inst/gen_axilite.gen_b2s_conv.axilite_b2s/RD.r_channel_0/r_push_r                                             |                                                                                                                                                                          |                4 |             13 |         3.25 |
|  u_week10_1_wrapper/week10_1_i/processing_system7_0/inst/FCLK_CLK0 |                                                                                                                                                                                   | u_week10_1_wrapper/week10_1_i/axi_apb_bridge_0/U0/AXILITE_SLAVE_IF_MODULE/s_axi_aresetn_0                                                                                |                6 |             14 |         2.33 |
|  u_week10_1_wrapper/week10_1_i/processing_system7_0/inst/FCLK_CLK0 | u_week10_1_wrapper/week10_1_i/ps7_0_axi_periph/s00_couplers/auto_pc/inst/gen_axilite.gen_b2s_conv.axilite_b2s/SI_REG/b.b_pipe/p_1_in                                              |                                                                                                                                                                          |                2 |             14 |         7.00 |
|  u_week10_1_wrapper/week10_1_i/processing_system7_0/inst/FCLK_CLK0 | u_week10_1_wrapper/week10_1_i/ps7_0_axi_periph/s00_couplers/auto_pc/inst/gen_axilite.gen_b2s_conv.axilite_b2s/SI_REG/b.b_pipe/s_ready_i_reg_0                                     |                                                                                                                                                                          |                3 |             14 |         4.67 |
|  u_week10_1_wrapper/week10_1_i/processing_system7_0/inst/FCLK_CLK0 | u_week10_1_wrapper/week10_1_i/ps7_0_axi_periph/s00_couplers/auto_pc/inst/gen_axilite.gen_b2s_conv.axilite_b2s/WR.aw_channel_0/aw_cmd_fsm_0/m_axi_awready_0                        |                                                                                                                                                                          |                3 |             16 |         5.33 |
|  u_week10_1_wrapper/week10_1_i/processing_system7_0/inst/FCLK_CLK0 | u_week10_1_wrapper/week10_1_i/ps7_0_axi_periph/s00_couplers/auto_pc/inst/gen_axilite.gen_b2s_conv.axilite_b2s/RD.ar_channel_0/ar_cmd_fsm_0/m_axi_arready_2                        |                                                                                                                                                                          |                7 |             21 |         3.00 |
|  u_week10_1_wrapper/week10_1_i/processing_system7_0/inst/FCLK_CLK0 | u_week10_1_wrapper/week10_1_i/axi_gpio_0/U0/AXI_LITE_IPIF_I/I_SLAVE_ATTACHMENT/start2                                                                                             | u_week10_1_wrapper/week10_1_i/axi_gpio_0/U0/AXI_LITE_IPIF_I/I_SLAVE_ATTACHMENT/I_DECODER/cs_ce_clr                                                                       |                4 |             21 |         5.25 |
|  u_week10_1_wrapper/week10_1_i/processing_system7_0/inst/FCLK_CLK0 | u_week10_1_wrapper/week10_1_i/ps7_0_axi_periph/xbar/inst/gen_sasd.crossbar_sasd_0/addr_arbiter_inst/p_0_in1_in                                                                    | u_week10_1_wrapper/week10_1_i/ps7_0_axi_periph/xbar/inst/gen_sasd.crossbar_sasd_0/addr_arbiter_inst/SR[0]                                                                |                9 |             23 |         2.56 |
|  u_week10_1_wrapper/week10_1_i/processing_system7_0/inst/FCLK_CLK0 | u_week10_1_wrapper/week10_1_i/ps7_0_axi_periph/s00_couplers/auto_pc/inst/gen_axilite.gen_b2s_conv.axilite_b2s/WR.aw_channel_0/aw_cmd_fsm_0/FSM_sequential_state_reg[0]_1          |                                                                                                                                                                          |               11 |             24 |         2.18 |
|  u_week10_1_wrapper/week10_1_i/processing_system7_0/inst/FCLK_CLK0 | u_week10_1_wrapper/week10_1_i/axi_apb_bridge_0/U0/APB_MASTER_IF_MODULE/PWDATA_i[31]_i_1_n_0                                                                                       | u_week10_1_wrapper/week10_1_i/axi_apb_bridge_0/U0/AXILITE_SLAVE_IF_MODULE/s_axi_aresetn_0                                                                                |                5 |             32 |         6.40 |
|  u_week10_1_wrapper/week10_1_i/processing_system7_0/inst/FCLK_CLK0 | u_week10_1_wrapper/week10_1_i/axi_apb_bridge_0/U0/AXILITE_SLAVE_IF_MODULE/S_AXI_RDATA[31]_i_1_n_0                                                                                 | u_week10_1_wrapper/week10_1_i/axi_apb_bridge_0/U0/AXILITE_SLAVE_IF_MODULE/s_axi_aresetn_0                                                                                |               10 |             32 |         3.20 |
|  u_week10_1_wrapper/week10_1_i/processing_system7_0/inst/FCLK_CLK0 | u_apb_7seg/r_control0_n_0                                                                                                                                                         | u_apb_7seg/r_control[31]_i_1_n_0                                                                                                                                         |                5 |             32 |         6.40 |
|  u_week10_1_wrapper/week10_1_i/processing_system7_0/inst/FCLK_CLK0 | u_week10_1_wrapper/week10_1_i/ps7_0_axi_periph/s00_couplers/auto_pc/inst/gen_axilite.gen_b2s_conv.axilite_b2s/RD.r_channel_0/rd_data_fifo_0/wr_en0                                |                                                                                                                                                                          |                9 |             34 |         3.78 |
|  u_week10_1_wrapper/week10_1_i/processing_system7_0/inst/FCLK_CLK0 | u_week10_1_wrapper/week10_1_i/ps7_0_axi_periph/xbar/inst/gen_sasd.crossbar_sasd_0/addr_arbiter_inst/E[0]                                                                          |                                                                                                                                                                          |               10 |             35 |         3.50 |
|  u_week10_1_wrapper/week10_1_i/processing_system7_0/inst/FCLK_CLK0 |                                                                                                                                                                                   | u_week10_1_wrapper/week10_1_i/axi_gpio_0/U0/AXI_LITE_IPIF_I/I_SLAVE_ATTACHMENT/SR[0]                                                                                     |               13 |             40 |         3.08 |
|  u_week10_1_wrapper/week10_1_i/processing_system7_0/inst/FCLK_CLK0 | u_week10_1_wrapper/week10_1_i/ps7_0_axi_periph/s00_couplers/auto_pc/inst/gen_axilite.gen_b2s_conv.axilite_b2s/SI_REG/r.r_pipe/s_ready_i_reg_0                                     |                                                                                                                                                                          |                8 |             47 |         5.88 |
|  u_week10_1_wrapper/week10_1_i/processing_system7_0/inst/FCLK_CLK0 | u_week10_1_wrapper/week10_1_i/ps7_0_axi_periph/s00_couplers/auto_pc/inst/gen_axilite.gen_b2s_conv.axilite_b2s/SI_REG/r.r_pipe/p_1_in                                              |                                                                                                                                                                          |                7 |             47 |         6.71 |
|  u_week10_1_wrapper/week10_1_i/processing_system7_0/inst/FCLK_CLK0 | u_week10_1_wrapper/week10_1_i/ps7_0_axi_periph/s00_couplers/auto_pc/inst/gen_axilite.gen_b2s_conv.axilite_b2s/WR.aw_channel_0/aw_cmd_fsm_0/E[0]                                   |                                                                                                                                                                          |                9 |             48 |         5.33 |
|  u_week10_1_wrapper/week10_1_i/processing_system7_0/inst/FCLK_CLK0 | u_week10_1_wrapper/week10_1_i/ps7_0_axi_periph/s00_couplers/auto_pc/inst/gen_axilite.gen_b2s_conv.axilite_b2s/RD.ar_channel_0/ar_cmd_fsm_0/m_valid_i_reg[0]                       |                                                                                                                                                                          |               12 |             48 |         4.00 |
|  u_week10_1_wrapper/week10_1_i/processing_system7_0/inst/FCLK_CLK0 | u_week10_1_wrapper/week10_1_i/ps7_0_axi_periph/s00_couplers/auto_pc/inst/gen_axilite.gen_b2s_conv.axilite_b2s/SI_REG/aw.aw_pipe/s_ready_i_reg_0                                   |                                                                                                                                                                          |               12 |             48 |         4.00 |
|  u_week10_1_wrapper/week10_1_i/processing_system7_0/inst/FCLK_CLK0 | u_week10_1_wrapper/week10_1_i/ps7_0_axi_periph/s00_couplers/auto_pc/inst/gen_axilite.gen_b2s_conv.axilite_b2s/SI_REG/ar.ar_pipe/s_ready_i_reg_0                                   |                                                                                                                                                                          |               12 |             48 |         4.00 |
|  u_week10_1_wrapper/week10_1_i/processing_system7_0/inst/FCLK_CLK0 |                                                                                                                                                                                   |                                                                                                                                                                          |               61 |            198 |         3.25 |
+--------------------------------------------------------------------+-----------------------------------------------------------------------------------------------------------------------------------------------------------------------------------+--------------------------------------------------------------------------------------------------------------------------------------------------------------------------+------------------+----------------+--------------+


